// Jest Snapshot v1, https://goo.gl/fbAQLP

exports[`Radio renders 1`] = `
<label
  class="css-13o7eu2"
  data-testid="option1"
>
  <input
    id="radio-:r0:"
    style="border: 0px; clip: rect(0px, 0px, 0px, 0px); height: 1px; width: 1px; margin: -1px; padding: 0px; overflow: hidden; white-space: nowrap; position: absolute;"
    type="radio"
    value="option1"
  />
  <div
    aria-hidden="true"
    class="css-mmyk1o"
  >
    <div
      class="chakra-stack css-qlxuh7"
    >
      <div
        class="radio-outer css-12loqvc"
      >
        <div
          class="radio-inner css-a0adc8"
        />
      </div>
      <p
        class="chakra-text css-10iahqc"
      />
    </div>
  </div>
</label>
`;
